============================= test session starts ==============================
platform linux -- Python 3.12.12, pytest-9.0.2, pluggy-1.6.0
rootdir: /app
plugins: asyncio-1.3.0, anyio-4.12.1
asyncio: mode=Mode.STRICT, debug=False, asyncio_default_fixture_loop_scope=None, asyncio_default_test_loop_scope=function
collected 2 items

tests/test_knowledge_memory.py ..                                        [100%]

=============================== warnings summary ===============================
tests/test_knowledge_memory.py::test_store_and_search
tests/test_knowledge_memory.py::test_handler_store_and_search
  /app/agents/knowledge_memory/memory_store.py:42: DeprecationWarning: datetime.datetime.utcnow() is deprecated and scheduled for removal in a future version. Use timezone-aware objects to represent datetimes in UTC: datetime.datetime.now(datetime.UTC).
    timestamp=datetime.utcnow()

-- Docs: https://docs.pytest.org/en/stable/how-to/capture-warnings.html
======================== 2 passed, 2 warnings in 0.19s =========================
